Archive member included to satisfy reference by file (symbol)

E:/ST/STM32CubeIDE_1.19.0/STM32CubeIDE/plugins/com.st.stm32cube.ide.mcu.externaltools.gnu-tools-for-stm32.13.3.rel1.win32_1.0.0.202411081344/tools/bin/../lib/gcc/arm-none-eabi/13.3.1/../../../../arm-none-eabi/lib/thumb/v7-m/nofp\libm.a(libm_a-wf_sqrt.o)
                              ./Core/Src/imu_driver.o (sqrtf)
E:/ST/STM32CubeIDE_1.19.0/STM32CubeIDE/plugins/com.st.stm32cube.ide.mcu.externaltools.gnu-tools-for-stm32.13.3.rel1.win32_1.0.0.202411081344/tools/bin/../lib/gcc/arm-none-eabi/13.3.1/../../../../arm-none-eabi/lib/thumb/v7-m/nofp\libm.a(libm_a-ef_sqrt.o)
                              E:/ST/STM32CubeIDE_1.19.0/STM32CubeIDE/plugins/com.st.stm32cube.ide.mcu.externaltools.gnu-tools-for-stm32.13.3.rel1.win32_1.0.0.202411081344/tools/bin/../lib/gcc/arm-none-eabi/13.3.1/../../../../arm-none-eabi/lib/thumb/v7-m/nofp\libm.a(libm_a-wf_sqrt.o) (__ieee754_sqrtf)
E:/ST/STM32CubeIDE_1.19.0/STM32CubeIDE/plugins/com.st.stm32cube.ide.mcu.externaltools.gnu-tools-for-stm32.13.3.rel1.win32_1.0.0.202411081344/tools/bin/../lib/gcc/arm-none-eabi/13.3.1/../../../../arm-none-eabi/lib/thumb/v7-m/nofp\libc_nano.a(libc_a-exit.o)
                              E:/ST/STM32CubeIDE_1.19.0/STM32CubeIDE/plugins/com.st.stm32cube.ide.mcu.externaltools.gnu-tools-for-stm32.13.3.rel1.win32_1.0.0.202411081344/tools/bin/../lib/gcc/arm-none-eabi/13.3.1/../../../../arm-none-eabi/lib/thumb/v7-m/nofp/crt0.o (exit)
E:/ST/STM32CubeIDE_1.19.0/STM32CubeIDE/plugins/com.st.stm32cube.ide.mcu.externaltools.gnu-tools-for-stm32.13.3.rel1.win32_1.0.0.202411081344/tools/bin/../lib/gcc/arm-none-eabi/13.3.1/../../../../arm-none-eabi/lib/thumb/v7-m/nofp\libc_nano.a(libc_a-findfp.o)
                              E:/ST/STM32CubeIDE_1.19.0/STM32CubeIDE/plugins/com.st.stm32cube.ide.mcu.externaltools.gnu-tools-for-stm32.13.3.rel1.win32_1.0.0.202411081344/tools/bin/../lib/gcc/arm-none-eabi/13.3.1/../../../../arm-none-eabi/lib/thumb/v7-m/nofp\libc_nano.a(libc_a-exit.o) (__stdio_exit_handler)
E:/ST/STM32CubeIDE_1.19.0/STM32CubeIDE/plugins/com.st.stm32cube.ide.mcu.externaltools.gnu-tools-for-stm32.13.3.rel1.win32_1.0.0.202411081344/tools/bin/../lib/gcc/arm-none-eabi/13.3.1/../../../../arm-none-eabi/lib/thumb/v7-m/nofp\libc_nano.a(libc_a-fwalk.o)
                              E:/ST/STM32CubeIDE_1.19.0/STM32CubeIDE/plugins/com.st.stm32cube.ide.mcu.externaltools.gnu-tools-for-stm32.13.3.rel1.win32_1.0.0.202411081344/tools/bin/../lib/gcc/arm-none-eabi/13.3.1/../../../../arm-none-eabi/lib/thumb/v7-m/nofp\libc_nano.a(libc_a-findfp.o) (_fwalk_sglue)
E:/ST/STM32CubeIDE_1.19.0/STM32CubeIDE/plugins/com.st.stm32cube.ide.mcu.externaltools.gnu-tools-for-stm32.13.3.rel1.win32_1.0.0.202411081344/tools/bin/../lib/gcc/arm-none-eabi/13.3.1/../../../../arm-none-eabi/lib/thumb/v7-m/nofp\libc_nano.a(libc_a-stdio.o)
                              E:/ST/STM32CubeIDE_1.19.0/STM32CubeIDE/plugins/com.st.stm32cube.ide.mcu.externaltools.gnu-tools-for-stm32.13.3.rel1.win32_1.0.0.202411081344/tools/bin/../lib/gcc/arm-none-eabi/13.3.1/../../../../arm-none-eabi/lib/thumb/v7-m/nofp\libc_nano.a(libc_a-findfp.o) (__sread)
E:/ST/STM32CubeIDE_1.19.0/STM32CubeIDE/plugins/com.st.stm32cube.ide.mcu.externaltools.gnu-tools-for-stm32.13.3.rel1.win32_1.0.0.202411081344/tools/bin/../lib/gcc/arm-none-eabi/13.3.1/../../../../arm-none-eabi/lib/thumb/v7-m/nofp\libc_nano.a(libc_a-memcmp.o)
                              ./Core/Src/nfc_driver.o (memcmp)
E:/ST/STM32CubeIDE_1.19.0/STM32CubeIDE/plugins/com.st.stm32cube.ide.mcu.externaltools.gnu-tools-for-stm32.13.3.rel1.win32_1.0.0.202411081344/tools/bin/../lib/gcc/arm-none-eabi/13.3.1/../../../../arm-none-eabi/lib/thumb/v7-m/nofp\libc_nano.a(libc_a-memset.o)
                              E:/ST/STM32CubeIDE_1.19.0/STM32CubeIDE/plugins/com.st.stm32cube.ide.mcu.externaltools.gnu-tools-for-stm32.13.3.rel1.win32_1.0.0.202411081344/tools/bin/../lib/gcc/arm-none-eabi/13.3.1/../../../../arm-none-eabi/lib/thumb/v7-m/nofp/crt0.o (memset)
E:/ST/STM32CubeIDE_1.19.0/STM32CubeIDE/plugins/com.st.stm32cube.ide.mcu.externaltools.gnu-tools-for-stm32.13.3.rel1.win32_1.0.0.202411081344/tools/bin/../lib/gcc/arm-none-eabi/13.3.1/../../../../arm-none-eabi/lib/thumb/v7-m/nofp\libc_nano.a(libc_a-closer.o)
                              E:/ST/STM32CubeIDE_1.19.0/STM32CubeIDE/plugins/com.st.stm32cube.ide.mcu.externaltools.gnu-tools-for-stm32.13.3.rel1.win32_1.0.0.202411081344/tools/bin/../lib/gcc/arm-none-eabi/13.3.1/../../../../arm-none-eabi/lib/thumb/v7-m/nofp\libc_nano.a(libc_a-stdio.o) (_close_r)
E:/ST/STM32CubeIDE_1.19.0/STM32CubeIDE/plugins/com.st.stm32cube.ide.mcu.externaltools.gnu-tools-for-stm32.13.3.rel1.win32_1.0.0.202411081344/tools/bin/../lib/gcc/arm-none-eabi/13.3.1/../../../../arm-none-eabi/lib/thumb/v7-m/nofp\libc_nano.a(libc_a-reent.o)
[...]
Memory Configuration

Name             Origin             Length             Attributes
RAM              0x20000000         0x00005000         xrw
FLASH            0x08000000         0x00010000         xr
*default*        0x00000000         0xffffffff

Linker script and memory map

LOAD E:/ST/STM32CubeIDE_1.19.0/STM32CubeIDE/plugins/com.st.stm32cube.ide.mcu.externaltools.gnu-tools-for-stm32.13.3.rel1.win32_1.0.0.202411081344/tools/bin/../lib/gcc/arm-none-eabi/13.3.1/thumb/v7-m/nofp/crti.o
LOAD E:/ST/STM32CubeIDE_1.19.0/STM32CubeIDE/plugins/com.st.stm32cube.ide.mcu.externaltools.gnu-tools-for-stm32.13.3.rel1.win32_1.0.0.202411081344/tools/bin/../lib/gcc/arm-none-eabi/13.3.1/thumb/v7-m/nofp/crtbegin.o
LOAD E:/ST/STM32CubeIDE_1.19.0/STM32CubeIDE/plugins/com.st.stm32cube.ide.mcu.externaltools.gnu-tools-for-stm32.13.3.rel1.win32_1.0.0.202411081344/tools/bin/../lib/gcc/arm-none-eabi/13.3.1/../../../../arm-none-eabi/lib/thumb/v7-m/nofp/crt0.o
LOAD ./Core/Src/freertos.o
LOAD ./Core/Src/gpio.o
LOAD ./Core/Src/i2c.o
LOAD ./Core/Src/imu_driver.o
LOAD ./Core/Src/main.o
LOAD ./Core/Src/nfc_driver.o
LOAD ./Core/Src/shared_data.o
LOAD ./Core/Src/stm32f1xx_hal_msp.o
LOAD ./Core/Src/stm32f1xx_it.o
LOAD ./Core/Src/syscalls.o
LOAD ./Core/Src/sysmem.o
LOAD ./Core/Src/system_stm32f1xx.o
LOAD ./Core/Src/usart.o
LOAD ./Core/Startup/startup_stm32f103c8tx.o
LOAD ./Drivers/STM32F1xx_HAL_Driver/Src/stm32f1xx_hal.o
LOAD ./Drivers/STM32F1xx_HAL_Driver/Src/stm32f1xx_hal_cortex.o
LOAD ./Drivers/STM32F1xx_HAL_Driver/Src/stm32f1xx_hal_dma.o
LOAD ./Drivers/STM32F1xx_HAL_Driver/Src/stm32f1xx_hal_exti.o
LOAD ./Drivers/STM32F1xx_HAL_Driver/Src/stm32f1xx_hal_flash.o
LOAD ./Drivers/STM32F1xx_HAL_Driver/Src/stm32f1xx_hal_flash_ex.o
LOAD ./Drivers/STM32F1xx_HAL_Driver/Src/stm32f1xx_hal_gpio.o
LOAD ./Drivers/STM32F1xx_HAL_Driver/Src/stm32f1xx_hal_gpio_ex.o
LOAD ./Drivers/STM32F1xx_HAL_Driver/Src/stm32f1xx_hal_i2c.o
LOAD ./Drivers/STM32F1xx_HAL_Driver/Src/stm32f1xx_hal_pwr.o
LOAD ./Drivers/STM32F1xx_HAL_Driver/Src/stm32f1xx_hal_rcc.o
LOAD ./Drivers/STM32F1xx_HAL_Driver/Src/stm32f1xx_hal_rcc_ex.o
LOAD ./Drivers/STM32F1xx_HAL_Driver/Src/stm32f1xx_hal_uart.o
LOAD ./Middlewares/Third_Party/FreeRTOS/Source/CMSIS_RTOS/cmsis_os.o
LOAD ./Middlewares/Third_Party/FreeRTOS/Source/croutine.o
LOAD ./Middlewares/Third_Party/FreeRTOS/Source/event_groups.o
LOAD ./Middlewares/Third_Party/FreeRTOS/Source/list.o
LOAD ./Middlewares/Third_Party/FreeRTOS/Source/queue.o
LOAD ./Middlewares/Third_Party/FreeRTOS/Source/stream_buffer.o
LOAD ./Middlewares/Third_Party/FreeRTOS/Source/tasks.o
LOAD ./Middlewares/Third_Party/FreeRTOS/Source/timers.o
LOAD ./Middlewares/Third_Party/FreeRTOS/Source/portable/GCC/ARM_CM3/port.o
LOAD ./Middlewares/Third_Party/FreeRTOS/Source/portable/MemMang/heap_4.o
START GROUP
LOAD E:/ST/STM32CubeIDE_1.19.0/STM32CubeIDE/plugins/com.st.stm32cube.ide.mcu.externaltools.gnu-tools-for-stm32.13.3.rel1.win32_1.0.0.202411081344/tools/bin/../lib/gcc/arm-none-eabi/13.3.1/../../../../arm-none-eabi/lib/thumb/v7-m/nofp\libstdc++_nano.a
LOAD E:/ST/STM32CubeIDE_1.19.0/STM32CubeIDE/plugins/com.st.stm32cube.ide.mcu.externaltools.gnu-tools-for-stm32.13.3.rel1.win32_1.0.0.202411081344/tools/bin/../lib/gcc/arm-none-eabi/13.3.1/../../../../arm-none-eabi/lib/thumb/v7-m/nofp\libsupc++_nano.a
END GROUP
LOAD E:/ST/STM32CubeIDE_1.19.0/STM32CubeIDE/plugins/com.st.stm32cube.ide.mcu.externaltools.gnu-tools-for-stm32.13.3.rel1.win32_1.0.0.202411081344/tools/bin/../lib/gcc/arm-none-eabi/13.3.1/../../../../arm-none-eabi/lib/thumb/v7-m/nofp\libstdc++_nano.a
LOAD E:/ST/STM32CubeIDE_1.19.0/STM32CubeIDE/plugins/com.st.stm32cube.ide.mcu.externaltools.gnu-tools-for-stm32.13.3.rel1.win32_1.0.0.202411081344/tools/bin/../lib/gcc/arm-none-eabi/13.3.1/../../../../arm-none-eabi/lib/thumb/v7-m/nofp\libm.a
LOAD E:/ST/STM32CubeIDE_1.19.0/STM32CubeIDE/plugins/com.st.stm32cube.ide.mcu.externaltools.gnu-tools-for-stm32.13.3.rel1.win32_1.0.0.202411081344/tools/bin/../lib/gcc/arm-none-eabi/13.3.1/../../../../arm-none-eabi/lib/thumb/v7-m/nofp\libc_nano.a
START GROUP
LOAD E:/ST/STM32CubeIDE_1.19.0/STM32CubeIDE/plugins/com.st.stm32cube.ide.mcu.externaltools.gnu-tools-for-stm32.13.3.rel1.win32_1.0.0.202411081344/tools/bin/../lib/gcc/arm-none-eabi/13.3.1/thumb/v7-m/nofp\libgcc.a
LOAD E:/ST/STM32CubeIDE_1.19.0/STM32CubeIDE/plugins/com.st.stm32cube.ide.mcu.externaltools.gnu-tools-for-stm32.13.3.rel1.win32_1.0.0.202411081344/tools/bin/../lib/gcc/arm-none-eabi/13.3.1/../../../../arm-none-eabi/lib/thumb/v7-m/nofp\libc_nano.a
END GROUP
START GROUP
LOAD E:/ST/STM32CubeIDE_1.19.0/STM32CubeIDE/plugins/com.st.stm32cube.ide.mcu.externaltools.gnu-tools-for-stm32.13.3.rel1.win32_1.0.0.202411081344/tools/bin/../lib/gcc/arm-none-eabi/13.3.1/thumb/v7-m/nofp\libgcc.a
LOAD E:/ST/STM32CubeIDE_1.19.0/STM32CubeIDE/plugins/com.st.stm32cube.ide.mcu.externaltools.gnu-tools-for-stm32.13.3.rel1.win32_1.0.0.202411081344/tools/bin/../lib/gcc/arm-none-eabi/13.3.1/../../../../arm-none-eabi/lib/thumb/v7-m/nofp\libc_nano.a
LOAD E:/ST/STM32CubeIDE_1.19.0/STM32CubeIDE/plugins/com.st.stm32cube.ide.mcu.externaltools.gnu-tools-for-stm32.13.3.rel1.win32_1.0.0.202411081344/tools/bin/../lib/gcc/arm-none-eabi/13.3.1/../../../../arm-none-eabi/lib/thumb/v7-m/nofp\libnosys.a
END GROUP
START GROUP
LOAD E:/ST/STM32CubeIDE_1.19.0/STM32CubeIDE/plugins/com.st.stm32cube.ide.mcu.externaltools.gnu-tools-for-stm32.13.3.rel1.win32_1.0.0.202411081344/tools/bin/../lib/gcc/arm-none-eabi/13.3.1/thumb/v7-m/nofp\libgcc.a
LOAD E:/ST/STM32CubeIDE_1.19.0/STM32CubeIDE/plugins/com.st.stm32cube.ide.mcu.externaltools.gnu-tools-for-stm32.13.3.rel1.win32_1.0.0.202411081344/tools/bin/../lib/gcc/arm-none-eabi/13.3.1/../../../../arm-none-eabi/lib/thumb/v7-m/nofp\libc_nano.a
LOAD E:/ST/STM32CubeIDE_1.19.0/STM32CubeIDE/plugins/com.st.stm32cube.ide.mcu.externaltools.gnu-tools-for-stm32.13.3.rel1.win32_1.0.0.202411081344/tools/bin/../lib/gcc/arm-none-eabi/13.3.1/../../../../arm-none-eabi/lib/thumb/v7-m/nofp\libnosys.a
END GROUP
LOAD E:/ST/STM32CubeIDE_1.19.0/STM32CubeIDE/plugins/com.st.stm32cube.ide.mcu.externaltools.gnu-tools-for-stm32.13.3.rel1.win32_1.0.0.202411081344/tools/bin/../lib/gcc/arm-none-eabi/13.3.1/thumb/v7-m/nofp/crtend.o
LOAD E:/ST/STM32CubeIDE_1.19.0/STM32CubeIDE/plugins/com.st.stm32cube.ide.mcu.externaltools.gnu-tools-for-stm32.13.3.rel1.win32_1.0.0.202411081344/tools/bin/../lib/gcc/arm-none-eabi/13.3.1/thumb/v7-m/nofp/crtn.o
                0x20005000                        _estack = (ORIGIN (RAM) + LENGTH (RAM))
                0x00000200                        _Min_Heap_Size = 0x200
                0x00000400                        _Min_Stack_Size = 0x400

.isr_vector     0x08000000      0x10c
                0x08000000                        . = ALIGN (0x4)
 *(.isr_vector)
 .isr_vector    0x08000000      0x10c ./Core/Startup/startup_stm32f103c8tx.o
                0x08000000                g_pfnVectors
                0x0800010c                        . = ALIGN (0x4)

.text           0x08000110     0x4e68
                0x08000110                        . = ALIGN (0x4)
 *(.text)
 .text          0x08000110       0x40 E:/ST/STM32CubeIDE_1.19.0/STM32CubeIDE/plugins/com.st.stm32cube.ide.mcu.externaltools.gnu-tools-for-stm32.13.3.rel1.win32_1.0.0.202411081344/tools/bin/../lib/gcc/arm-none-eabi/13.3.1/thumb/v7-m/nofp/crtbegin.o
 *(.text*)
 .text.vApplicationGetIdleTaskMemory
                0x08000150       0x30 ./Core/Src/freertos.o
                0x08000150                vApplicationGetIdleTaskMemory
 .text.MX_FREERTOS_Init
                0x08000180       0x38 ./Core/Src/freertos.o
                0x08000180                MX_FREERTOS_Init
 .text.StartDefaultTask
                0x080001b8       0x10 ./Core/Src/freertos.o
                0x080001b8                StartDefaultTask
 .text.MX_GPIO_Init
                0x080001c8       0xb0 ./Core/Src/gpio.o
                0x080001c8                MX_GPIO_Init
 .text.MX_I2C1_Init
                0x08000278       0x5c ./Core/Src/i2c.o
                0x08000278                MX_I2C1_Init
 .text.HAL_I2C_MspInit
                0x080002d4       0x8c ./Core/Src/i2c.o
                0x080002d4                HAL_I2C_MspInit
 .text.main     0x08000360       0x24 ./Core/Src/main.o
                0x08000360                main
 .text.SystemClock_Config
                0x08000384       0x8a ./Core/Src/main.o
                0x08000384                SystemClock_Config
 .text.Error_Handler
                0x0800040e        0xc ./Core/Src/main.o
                0x0800040e                Error_Handler
 *fill*         0x0800041a        0x2 
 .text.HAL_MspInit
                0x0800041c       0x70 ./Core/Src/stm32f1xx_hal_msp.o
                0x0800041c                HAL_MspInit
 .text.NMI_Handler
                0x0800048c        0x8 ./Core/Src/stm32f1xx_it.o
                0x0800048c                NMI_Handler
 .text.HardFault_Handler
                0x08000494        0x8 ./Core/Src/stm32f1xx_it.o
                0x08000494                HardFault_Handler
 .text.MemManage_Handler
                0x0800049c        0x8 ./Core/Src/stm32f1xx_it.o
                0x0800049c                MemManage_Handler
 .text.BusFault_Handler
                0x080004a4        0x8 ./Core/Src/stm32f1xx_it.o
                0x080004a4                BusFault_Handler
 .text.UsageFault_Handler
                0x080004ac        0x8 ./Core/Src/stm32f1xx_it.o
                0x080004ac                UsageFault_Handler
 .text.DebugMon_Handler
                0x080004b4        0xc ./Core/Src/stm32f1xx_it.o
                0x080004b4                DebugMon_Handler
 .text.SysTick_Handler
                0x080004c0       0x1a ./Core/Src/stm32f1xx_it.o
                0x080004c0                SysTick_Handler
 *fill*         0x080004da        0x2 
 .text.I2C1_EV_IRQHandler
                0x080004dc       0x14 ./Core/Src/stm32f1xx_it.o
                0x080004dc                I2C1_EV_IRQHandler
 .text.USART1_IRQHandler
                0x080004f0       0x14 ./Core/Src/stm32f1xx_it.o
                0x080004f0                USART1_IRQHandler
 .text.SystemInit
                0x08000504        0xc ./Core/Src/system_stm32f1xx.o
                0x08000504                SystemInit
 .text.MX_USART1_UART_Init
                0x08000510       0x54 ./Core/Src/usart.o
                0x08000510                MX_USART1_UART_Init
 .text.HAL_UART_MspInit
                0x08000564       0xa8 ./Core/Src/usart.o
                0x08000564                HAL_UART_MspInit
 .text.Reset_Handler
                0x0800060c       0x48 ./Core/Startup/startup_stm32f103c8tx.o
                0x0800060c                Reset_Handler
 .text.Default_Handler
                0x08000654        0x2 ./Core/Startup/startup_stm32f103c8tx.o
                0x08000654                RTC_Alarm_IRQHandler
                0x08000654                EXTI2_IRQHandler
                0x08000654                TIM1_CC_IRQHandler
                0x08000654                PVD_IRQHandler
                0x08000654                EXTI3_IRQHandler
                0x08000654                EXTI0_IRQHandler
                0x08000654                I2C2_EV_IRQHandler
                0x08000654                ADC1_2_IRQHandler
                0x08000654                SPI1_IRQHandler
                0x08000654                TAMPER_IRQHandler
                0x08000654                DMA1_Channel4_IRQHandler
                0x08000654                USART3_IRQHandler
                0x08000654                RTC_IRQHandler
                0x08000654                DMA1_Channel7_IRQHandler
                0x08000654                CAN1_RX1_IRQHandler
                0x08000654                TIM4_IRQHandler
                0x08000654                DMA1_Channel6_IRQHandler
                0x08000654                TIM3_IRQHandler
                0x08000654                RCC_IRQHandler
                0x08000654                TIM1_TRG_COM_IRQHandler
                0x08000654                DMA1_Channel1_IRQHandler
                0x08000654                Default_Handler
                0x08000654                EXTI15_10_IRQHandler
                0x08000654                EXTI9_5_IRQHandler
                0x08000654                SPI2_IRQHandler
                0x08000654                DMA1_Channel5_IRQHandler
                0x08000654                EXTI4_IRQHandler
                0x08000654                USB_LP_CAN1_RX0_IRQHandler
                0x08000654                USB_HP_CAN1_TX_IRQHandler
                0x08000654                DMA1_Channel3_IRQHandler
                0x08000654                TIM1_UP_IRQHandler
                0x08000654                WWDG_IRQHandler
                0x08000654                TIM2_IRQHandler
                0x08000654                TIM1_BRK_IRQHandler
                0x08000654                EXTI1_IRQHandler
                0x08000654                USART2_IRQHandler
                0x08000654                I2C2_ER_IRQHandler
                0x08000654                DMA1_Channel2_IRQHandler
                0x08000654                CAN1_SCE_IRQHandler
                0x08000654                FLASH_IRQHandler
                0x08000654                I2C1_ER_IRQHandler
                0x08000654                USBWakeUp_IRQHandler
 *fill*         0x08000656        0x2 
 .text.HAL_Init
                0x08000658       0x2c ./Drivers/STM32F1xx_HAL_Driver/Src/stm32f1xx_hal.o
                0x08000658                HAL_Init
 .text.HAL_InitTick
                0x08000684       0x60 ./Drivers/STM32F1xx_HAL_Driver/Src/stm32f1xx_hal.o
                0x08000684                HAL_InitTick
 .text.HAL_IncTick
                0x080006e4       0x24 ./Drivers/STM32F1xx_HAL_Driver/Src/stm32f1xx_hal.o
                0x080006e4                HAL_IncTick
 .text.HAL_GetTick
                0x08000708       0x14 ./Drivers/STM32F1xx_HAL_Driver/Src/stm32f1xx_hal.o
                0x08000708                HAL_GetTick
 .text.__NVIC_SetPriorityGrouping
                0x0800071c       0x48 ./Drivers/STM32F1xx_HAL_Driver/Src/stm32f1xx_hal_cortex.o
 .text.__NVIC_GetPriorityGrouping
                0x08000764       0x1c ./Drivers/STM32F1xx_HAL_Driver/Src/stm32f1xx_hal_cortex.o
 .text.__NVIC_EnableIRQ
                0x08000780       0x38 ./Drivers/STM32F1xx_HAL_Driver/Src/stm32f1xx_hal_cortex.o
 .text.__NVIC_SetPriority
                0x080007b8       0x54 ./Drivers/STM32F1xx_HAL_Driver/Src/stm32f1xx_hal_cortex.o
 .text.NVIC_EncodePriority
                0x0800080c       0x64 ./Drivers/STM32F1xx_HAL_Driver/Src/stm32f1xx_hal_cortex.o
 .text.SysTick_Config
                0x08000870       0x44 ./Drivers/STM32F1xx_HAL_Driver/Src/stm32f1xx_hal_cortex.o
 .text.HAL_NVIC_SetPriorityGrouping
                0x080008b4       0x16 ./Drivers/STM32F1xx_HAL_Driver/Src/stm32f1xx_hal_cortex.o
                0x080008b4                HAL_NVIC_SetPriorityGrouping
 .text.HAL_NVIC_SetPriority
                0x080008ca       0x38 ./Drivers/STM32F1xx_HAL_Driver/Src/stm32f1xx_hal_cortex.o
                0x080008ca                HAL_NVIC_SetPriority
 .text.HAL_NVIC_EnableIRQ
                0x08000902       0x1c ./Drivers/STM32F1xx_HAL_Driver/Src/stm32f1xx_hal_cortex.o
                0x08000902                HAL_NVIC_EnableIRQ
 .text.HAL_SYSTICK_Config
                0x0800091e       0x18 ./Drivers/STM32F1xx_HAL_Driver/Src/stm32f1xx_hal_cortex.o
                0x0800091e                HAL_SYSTICK_Config
 .text.HAL_DMA_Abort
                0x08000936       0x76 ./Drivers/STM32F1xx_HAL_Driver/Src/stm32f1xx_hal_dma.o
                0x08000936                HAL_DMA_Abort
 .text.HAL_DMA_Abort_IT
                0x080009ac       0xf0 ./Drivers/STM32F1xx_HAL_Driver/Src/stm32f1xx_hal_dma.o
                0x080009ac                HAL_DMA_Abort_IT
 .text.HAL_DMA_GetState
                0x08000a9c       0x1a ./Drivers/STM32F1xx_HAL_Driver/Src/stm32f1xx_hal_dma.o
                0x08000a9c                HAL_DMA_GetState
 *fill*         0x08000ab6        0x2 
 .text.HAL_GPIO_Init
                0x08000ab8      0x308 ./Drivers/STM32F1xx_HAL_Driver/Src/stm32f1xx_hal_gpio.o
                0x08000ab8                HAL_GPIO_Init
 .text.HAL_GPIO_WritePin
                0x08000dc0       0x30 ./Drivers/STM32F1xx_HAL_Driver/Src/stm32f1xx_hal_gpio.o
                0x08000dc0                HAL_GPIO_WritePin
 .text.HAL_I2C_Init
                0x08000df0      0x288 ./Drivers/STM32F1xx_HAL_Driver/Src/stm32f1xx_hal_i2c.o
                0x08000df0                HAL_I2C_Init
 .text.I2C_Flush_DR
                0x08001078       0x28 ./Drivers/STM32F1xx_HAL_Driver/Src/stm32f1xx_hal_i2c.o
 .text.HAL_I2C_EV_IRQHandler
                0x080010a0      0x2e2 ./Drivers/STM32F1xx_HAL_Driver/Src/stm32f1xx_hal_i2c.o
                0x080010a0                HAL_I2C_EV_IRQHandler
 .text.HAL_I2C_MasterTxCpltCallback
                0x08001382       0x12 ./Drivers/STM32F1xx_HAL_Driver/Src/stm32f1xx_hal_i2c.o
                0x08001382                HAL_I2C_MasterTxCpltCallback
 .text.HAL_I2C_MasterRxCpltCallback
                0x08001394       0x12 ./Drivers/STM32F1xx_HAL_Driver/Src/stm32f1xx_hal_i2c.o
                0x08001394                HAL_I2C_MasterRxCpltCallback
 .text.HAL_I2C_SlaveTxCpltCallback
                0x080013a6       0x12 ./Drivers/STM32F1xx_HAL_Driver/Src/stm32f1xx_hal_i2c.o
                0x080013a6                HAL_I2C_SlaveTxCpltCallback
 .text.HAL_I2C_SlaveRxCpltCallback
                0x080013b8       0x12 ./Drivers/STM32F1xx_HAL_Driver/Src/stm32f1xx_hal_i2c.o
                0x080013b8                HAL_I2C_SlaveRxCpltCallback
 .text.HAL_I2C_AddrCallback
                0x080013ca       0x1a ./Drivers/STM32F1xx_HAL_Driver/Src/stm32f1xx_hal_i2c.o
                0x080013ca                HAL_I2C_AddrCallback
 .text.HAL_I2C_ListenCpltCallback
                0x080013e4       0x12 ./Drivers/STM32F1xx_HAL_Driver/Src/stm32f1xx_hal_i2c.o
                0x080013e4                HAL_I2C_ListenCpltCallback
 .text.HAL_I2C_MemTxCpltCallback
                0x080013f6       0x12 ./Drivers/STM32F1xx_HAL_Driver/Src/stm32f1xx_hal_i2c.o
                0x080013f6                HAL_I2C_MemTxCpltCallback
 .text.HAL_I2C_MemRxCpltCallback
                0x08001408       0x12 ./Drivers/STM32F1xx_HAL_Driver/Src/stm32f1xx_hal_i2c.o
                0x08001408                HAL_I2C_MemRxCpltCallback
 .text.HAL_I2C_ErrorCallback
                0x0800141a       0x12 ./Drivers/STM32F1xx_HAL_Driver/Src/stm32f1xx_hal_i2c.o
                0x0800141a                HAL_I2C_ErrorCallback
 .text.HAL_I2C_AbortCpltCallback
                0x0800142c       0x12 ./Drivers/STM32F1xx_HAL_Driver/Src/stm32f1xx_hal_i2c.o
                0x0800142c                HAL_I2C_AbortCpltCallback
 .text.I2C_MasterTransmit_TXE
                0x0800143e      0x138 ./Drivers/STM32F1xx_HAL_Driver/Src/stm32f1xx_hal_i2c.o
 .text.I2C_MasterTransmit_BTF
                0x08001576       0xec ./Drivers/STM32F1xx_HAL_Driver/Src/stm32f1xx_hal_i2c.o
 .text.I2C_MemoryTransmit_TXE_BTF
                0x08001662      0x130 ./Drivers/STM32F1xx_HAL_Driver/Src/stm32f1xx_hal_i2c.o
 .text.I2C_MasterReceive_RXNE
                0x08001792      0x190 ./Drivers/STM32F1xx_HAL_Driver/Src/stm32f1xx_hal_i2c.o
 .text.I2C_MasterReceive_BTF
                0x08001922      0x1e2 ./Drivers/STM32F1xx_HAL_Driver/Src/stm32f1xx_hal_i2c.o
 .text.I2C_Master_SB
                0x08001b04      0x10a ./Drivers/STM32F1xx_HAL_Driver/Src/stm32f1xx_hal_i2c.o
 .text.I2C_Master_ADD10
                0x08001c0e       0x52 ./Drivers/STM32F1xx_HAL_Driver/Src/stm32f1xx_hal_i2c.o
 .text.I2C_Master_ADDR
                0x08001c60      0x336 ./Drivers/STM32F1xx_HAL_Driver/Src/stm32f1xx_hal_i2c.o
 .text.I2C_SlaveTransmit_TXE
                0x08001f96       0x7a ./Drivers/STM32F1xx_HAL_Driver/Src/stm32f1xx_hal_i2c.o
 .text.I2C_SlaveTransmit_BTF
                0x08002010       0x40 ./Drivers/STM32F1xx_HAL_Driver/Src/stm32f1xx_hal_i2c.o
 .text.I2C_SlaveReceive_RXNE
                0x08002050       0x7c ./Drivers/STM32F1xx_HAL_Driver/Src/stm32f1xx_hal_i2c.o
 .text.I2C_SlaveReceive_BTF
                0x080020cc       0x42 ./Drivers/STM32F1xx_HAL_Driver/Src/stm32f1xx_hal_i2c.o
 .text.I2C_Slave_ADDR
                0x0800210e       0x94 ./Drivers/STM32F1xx_HAL_Driver/Src/stm32f1xx_hal_i2c.o
 *fill*         0x080021a2        0x2 
 .text.I2C_Slave_STOPF
                0x080021a4      0x260 ./Drivers/STM32F1xx_HAL_Driver/Src/stm32f1xx_hal_i2c.o
 .text.I2C_ITError
                0x08002404      0x264 ./Drivers/STM32F1xx_HAL_Driver/Src/stm32f1xx_hal_i2c.o
 .text.I2C_DMAAbort
                0x08002668      0x150 ./Drivers/STM32F1xx_HAL_Driver/Src/stm32f1xx_hal_i2c.o
 .text.I2C_WaitOnSTOPRequestThroughIT
                0x080027b8       0x64 ./Drivers/STM32F1xx_HAL_Driver/Src/stm32f1xx_hal_i2c.o
 .text.I2C_ConvertOtherXferOptions
                0x0800281c       0x34 ./Drivers/STM32F1xx_HAL_Driver/Src/stm32f1xx_hal_i2c.o
 .text.HAL_RCC_OscConfig
                0x08002850      0x504 ./Drivers/STM32F1xx_HAL_Driver/Src/stm32f1xx_hal_rcc.o
                0x08002850                HAL_RCC_OscConfig
 .text.HAL_RCC_ClockConfig
                0x08002d54      0x1d4 ./Drivers/STM32F1xx_HAL_Driver/Src/stm32f1xx_hal_rcc.o
                0x08002d54                HAL_RCC_ClockConfig
 .text.HAL_RCC_GetSysClockFreq
                0x08002f28       0xa8 ./Drivers/STM32F1xx_HAL_Driver/Src/stm32f1xx_hal_rcc.o
                0x08002f28                HAL_RCC_GetSysClockFreq
 .text.HAL_RCC_GetHCLKFreq
                0x08002fd0       0x14 ./Drivers/STM32F1xx_HAL_Driver/Src/stm32f1xx_hal_rcc.o
                0x08002fd0                HAL_RCC_GetHCLKFreq
 .text.HAL_RCC_GetPCLK1Freq
                0x08002fe4       0x28 ./Drivers/STM32F1xx_HAL_Driver/Src/stm32f1xx_hal_rcc.o
                0x08002fe4                HAL_RCC_GetPCLK1Freq
 .text.HAL_RCC_GetPCLK2Freq
                0x0800300c       0x28 ./Drivers/STM32F1xx_HAL_Driver/Src/stm32f1xx_hal_rcc.o
                0x0800300c                HAL_RCC_GetPCLK2Freq
 .text.RCC_Delay
                0x08003034       0x3c ./Drivers/STM32F1xx_HAL_Driver/Src/stm32f1xx_hal_rcc.o
 .text.HAL_UART_Init
                0x08003070       0xa0 ./Drivers/STM32F1xx_HAL_Driver/Src/stm32f1xx_hal_uart.o
                0x08003070                HAL_UART_Init
 .text.HAL_UART_IRQHandler
                0x08003110      0x524 ./Drivers/STM32F1xx_HAL_Driver/Src/stm32f1xx_hal_uart.o
                0x08003110                HAL_UART_IRQHandler
 .text.HAL_UART_TxCpltCallback
                0x08003634       0x12 ./Drivers/STM32F1xx_HAL_Driver/Src/stm32f1xx_hal_uart.o
                0x08003634                HAL_UART_TxCpltCallback
 .text.HAL_UART_RxCpltCallback
                0x08003646       0x12 ./Drivers/STM32F1xx_HAL_Driver/Src/stm32f1xx_hal_uart.o
                0x08003646                HAL_UART_RxCpltCallback
 .text.HAL_UART_ErrorCallback
                0x08003658       0x12 ./Drivers/STM32F1xx_HAL_Driver/Src/stm32f1xx_hal_uart.o
                0x08003658                HAL_UART_ErrorCallback
 .text.HAL_UARTEx_RxEventCallback
                0x0800366a       0x16 ./Drivers/STM32F1xx_HAL_Driver/Src/stm32f1xx_hal_uart.o
                0x0800366a                HAL_UARTEx_RxEventCallback
 .text.UART_EndRxTransfer
                0x08003680       0xc4 ./Drivers/STM32F1xx_HAL_Driver/Src/stm32f1xx_hal_uart.o
 .text.UART_DMAAbortOnError
                0x08003744       0x28 ./Drivers/STM32F1xx_HAL_Driver/Src/stm32f1xx_hal_uart.o
 .text.UART_Transmit_IT
                0x0800376c       0x9e ./Drivers/STM32F1xx_HAL_Driver/Src/stm32f1xx_hal_uart.o
 .text.UART_EndTransmit_IT
                0x0800380a       0x30 ./Drivers/STM32F1xx_HAL_Driver/Src/stm32f1xx_hal_uart.o
 .text.UART_Receive_IT
                0x0800383a      0x17c ./Drivers/STM32F1xx_HAL_Driver/Src/stm32f1xx_hal_uart.o
 *fill*         0x080039b6        0x2 
 .text.UART_SetConfig
                0x080039b8      0x11c ./Drivers/STM32F1xx_HAL_Driver/Src/stm32f1xx_hal_uart.o
 .text.makeFreeRtosPriority
                0x08003ad4       0x2e ./Middlewares/Third_Party/FreeRTOS/Source/CMSIS_RTOS/cmsis_os.o
 .text.osKernelStart
                0x08003b02        0xe ./Middlewares/Third_Party/FreeRTOS/Source/CMSIS_RTOS/cmsis_os.o
                0x08003b02                osKernelStart
 .text.osThreadCreate
                0x08003b10       0x98 ./Middlewares/Third_Party/FreeRTOS/Source/CMSIS_RTOS/cmsis_os.o
                0x08003b10                osThreadCreate
 .text.osDelay  0x08003ba8       0x28 ./Middlewares/Third_Party/FreeRTOS/Source/CMSIS_RTOS/cmsis_os.o
                0x08003ba8                osDelay
 .text.vListInitialise
                0x08003bd0       0x3e ./Middlewares/Third_Party/FreeRTOS/Source/list.o
                0x08003bd0                vListInitialise
 .text.vListInitialiseItem
                0x08003c0e       0x18 ./Middlewares/Third_Party/FreeRTOS/Source/list.o
                0x08003c0e                vListInitialiseItem
 .text.vListInsertEnd
                0x08003c26       0x46 ./Middlewares/Third_Party/FreeRTOS/Source/list.o
                0x08003c26                vListInsertEnd
 .text.vListInsert
                0x08003c6c       0x70 ./Middlewares/Third_Party/FreeRTOS/Source/list.o
                0x08003c6c                vListInsert
 .text.uxListRemove
                0x08003cdc       0x52 ./Middlewares/Third_Party/FreeRTOS/Source/list.o
                0x08003cdc                uxListRemove
 .text.xTaskCreateStatic
                0x08003d2e       0xc0 ./Middlewares/Third_Party/FreeRTOS/Source/tasks.o
                0x08003d2e                xTaskCreateStatic
 .text.xTaskCreate
                0x08003dee       0x8a ./Middlewares/Third_Party/FreeRTOS/Source/tasks.o
                0x08003dee                xTaskCreate
 .text.prvInitialiseNewTask
                0x08003e78      0x110 ./Middlewares/Third_Party/FreeRTOS/Source/tasks.o
 .text.prvAddNewTaskToReadyList
                0x08003f88       0xd4 ./Middlewares/Third_Party/FreeRTOS/Source/tasks.o
 .text.vTaskDelay
                0x0800405c       0x6c ./Middlewares/Third_Party/FreeRTOS/Source/tasks.o
                0x0800405c                vTaskDelay
 .text.vTaskStartScheduler
                0x080040c8       0xc4 ./Middlewares/Third_Party/FreeRTOS/Source/tasks.o
                0x080040c8                vTaskStartScheduler
 .text.vTaskSuspendAll
                0x0800418c       0x1c ./Middlewares/Third_Party/FreeRTOS/Source/tasks.o
                0x0800418c                vTaskSuspendAll
 .text.xTaskResumeAll
                0x080041a8      0x13c ./Middlewares/Third_Party/FreeRTOS/Source/tasks.o
                0x080041a8                xTaskResumeAll
 .text.xTaskIncrementTick
                0x080042e4      0x174 ./Middlewares/Third_Party/FreeRTOS/Source/tasks.o
                0x080042e4                xTaskIncrementTick
 .text.vTaskSwitchContext
                0x08004458       0xb8 ./Middlewares/Third_Party/FreeRTOS/Source/tasks.o
                0x08004458                vTaskSwitchContext
 .text.prvIdleTask
                0x08004510       0x30 ./Middlewares/Third_Party/FreeRTOS/Source/tasks.o
 .text.prvInitialiseTaskLists
                0x08004540       0x80 ./Middlewares/Third_Party/FreeRTOS/Source/tasks.o
 .text.prvCheckTasksWaitingTermination
                0x080045c0       0x5c ./Middlewares/Third_Party/FreeRTOS/Source/tasks.o
 .text.prvDeleteTCB
                0x0800461c       0x60 ./Middlewares/Third_Party/FreeRTOS/Source/tasks.o
 .text.prvResetNextTaskUnblockTime
                0x0800467c       0x40 ./Middlewares/Third_Party/FreeRTOS/Source/tasks.o
 .text.xTaskGetSchedulerState
                0x080046bc       0x3c ./Middlewares/Third_Party/FreeRTOS/Source/tasks.o
                0x080046bc                xTaskGetSchedulerState
 .text.prvAddCurrentTaskToDelayedList
                0x080046f8       0xcc ./Middlewares/Third_Party/FreeRTOS/Source/tasks.o
 .text.pxPortInitialiseStack
                0x080047c4       0x58 ./Middlewares/Third_Party/FreeRTOS/Source/portable/GCC/ARM_CM3/port.o
                0x080047c4                pxPortInitialiseStack
 .text.prvTaskExitError
                0x0800481c       0x58 ./Middlewares/Third_Party/FreeRTOS/Source/portable/GCC/ARM_CM3/port.o
 *fill*         0x08004874        0xc 
 .text.SVC_Handler
                0x08004880       0x28 ./Middlewares/Third_Party/FreeRTOS/Source/portable/GCC/ARM_CM3/port.o
                0x08004880                SVC_Handler
 .text.prvPortStartFirstTask
                0x080048a8       0x20 ./Middlewares/Third_Party/FreeRTOS/Source/portable/GCC/ARM_CM3/port.o
 .text.xPortStartScheduler
                0x080048c8       0xe4 ./Middlewares/Third_Party/FreeRTOS/Source/portable/GCC/ARM_CM3/port.o
                0x080048c8                xPortStartScheduler
 .text.vPortEnterCritical
                0x080049ac       0x60 ./Middlewares/Third_Party/FreeRTOS/Source/portable/GCC/ARM_CM3/port.o
                0x080049ac                vPortEnterCritical
 .text.vPortExitCritical
                0x08004a0c       0x54 ./Middlewares/Third_Party/FreeRTOS/Source/portable/GCC/ARM_CM3/port.o
                0x08004a0c                vPortExitCritical
 .text.PendSV_Handler
                0x08004a60       0x48 ./Middlewares/Third_Party/FreeRTOS/Source/portable/GCC/ARM_CM3/port.o
                0x08004a60                PendSV_Handler
 .text.xPortSysTickHandler
                0x08004aa8       0x44 ./Middlewares/Third_Party/FreeRTOS/Source/portable/GCC/ARM_CM3/port.o
                0x08004aa8                xPortSysTickHandler
 .text.vPortSetupTimerInterrupt
                0x08004aec       0x44 ./Middlewares/Third_Party/FreeRTOS/Source/portable/GCC/ARM_CM3/port.o
                0x08004aec                vPortSetupTimerInterrupt
 .text.pvPortMalloc
                0x08004b30      0x19c ./Middlewares/Third_Party/FreeRTOS/Source/portable/MemMang/heap_4.o
                0x08004b30                pvPortMalloc
 .text.vPortFree
                0x08004ccc       0xc8 ./Middlewares/Third_Party/FreeRTOS/Source/portable/MemMang/heap_4.o
                0x08004ccc                vPortFree
 .text.prvHeapInit
                0x08004d94       0xc4 ./Middlewares/Third_Party/FreeRTOS/Source/portable/MemMang/heap_4.o
 .text.prvInsertBlockIntoFreeList
                0x08004e58       0xb0 ./Middlewares/Third_Party/FreeRTOS/Source/portable/MemMang/heap_4.o
 .text.memset   0x08004f08       0x10 E:/ST/STM32CubeIDE_1.19.0/STM32CubeIDE/plugins/com.st.stm32cube.ide.mcu.externaltools.gnu-tools-for-stm32.13.3.rel1.win32_1.0.0.202411081344/tools/bin/../lib/gcc/arm-none-eabi/13.3.1/../../../../arm-none-eabi/lib/thumb/v7-m/nofp\libc_nano.a(libc_a-memset.o)
                0x08004f08                memset
 .text.__libc_init_array
                0x08004f18       0x48 E:/ST/STM32CubeIDE_1.19.0/STM32CubeIDE/plugins/com.st.stm32cube.ide.mcu.externaltools.gnu-tools-for-stm32.13.3.rel1.win32_1.0.0.202411081344/tools/bin/../lib/gcc/arm-none-eabi/13.3.1/../../../../arm-none-eabi/lib/thumb/v7-m/nofp\libc_nano.a(libc_a-init.o)
                0x08004f18                __libc_init_array
 *(.glue_7)
 .glue_7        0x08004f60        0x0 linker stubs
 *(.glue_7t)
 .glue_7t       0x08004f60        0x0 linker stubs
 *(.eh_frame)
 .eh_frame      0x08004f60        0x0 E:/ST/STM32CubeIDE_1.19.0/STM32CubeIDE/plugins/com.st.stm32cube.ide.mcu.externaltools.gnu-tools-for-stm32.13.3.rel1.win32_1.0.0.202411081344/tools/bin/../lib/gcc/arm-none-eabi/13.3.1/thumb/v7-m/nofp/crtbegin.o
 *(.init)
 .init          0x08004f60        0x4 E:/ST/STM32CubeIDE_1.19.0/STM32CubeIDE/plugins/com.st.stm32cube.ide.mcu.externaltools.gnu-tools-for-stm32.13.3.rel1.win32_1.0.0.202411081344/tools/bin/../lib/gcc/arm-none-eabi/13.3.1/thumb/v7-m/nofp/crti.o
                0x08004f60                _init
 .init          0x08004f64        0x8 E:/ST/STM32CubeIDE_1.19.0/STM32CubeIDE/plugins/com.st.stm32cube.ide.mcu.externaltools.gnu-tools-for-stm32.13.3.rel1.win32_1.0.0.202411081344/tools/bin/../lib/gcc/arm-none-eabi/13.3.1/thumb/v7-m/nofp/crtn.o
 *(.fini)
 .fini          0x08004f6c        0x4 E:/ST/STM32CubeIDE_1.19.0/STM32CubeIDE/plugins/com.st.stm32cube.ide.mcu.externaltools.gnu-tools-for-stm32.13.3.rel1.win32_1.0.0.202411081344/tools/bin/../lib/gcc/arm-none-eabi/13.3.1/thumb/v7-m/nofp/crti.o
                0x08004f6c                _fini
 .fini          0x08004f70        0x8 E:/ST/STM32CubeIDE_1.19.0/STM32CubeIDE/plugins/com.st.stm32cube.ide.mcu.externaltools.gnu-tools-for-stm32.13.3.rel1.win32_1.0.0.202411081344/tools/bin/../lib/gcc/arm-none-eabi/13.3.1/thumb/v7-m/nofp/crtn.o
                0x08004f78                        . = ALIGN (0x4)
                0x08004f78                        _etext = .

.vfp11_veneer   0x08004f78        0x0
 .vfp11_veneer  0x08004f78        0x0 linker stubs

.v4_bx          0x08004f78        0x0
 .v4_bx         0x08004f78        0x0 linker stubs

.iplt           0x08004f78        0x0
 .iplt          0x08004f78        0x0 E:/ST/STM32CubeIDE_1.19.0/STM32CubeIDE/plugins/com.st.stm32cube.ide.mcu.externaltools.gnu-tools-for-stm32.13.3.rel1.win32_1.0.0.202411081344/tools/bin/../lib/gcc/arm-none-eabi/13.3.1/thumb/v7-m/nofp/crtbegin.o

.rodata         0x08004f78       0x5c
                0x08004f78                        . = ALIGN (0x4)
 *(.rodata)
 .rodata        0x08004f78       0x28 ./Core/Src/freertos.o
 .rodata        0x08004fa0        0x5 ./Middlewares/Third_Party/FreeRTOS/Source/tasks.o
 *(.rodata*)
 *fill*         0x08004fa5        0x3 
 .rodata.AHBPrescTable
                0x08004fa8       0x10 ./Core/Src/system_stm32f1xx.o
                0x08004fa8                AHBPrescTable
 .rodata.APBPrescTable
                0x08004fb8        0x8 ./Core/Src/system_stm32f1xx.o
                0x08004fb8                APBPrescTable
 .rodata.aPLLMULFactorTable.1
                0x08004fc0       0x10 ./Drivers/STM32F1xx_HAL_Driver/Src/stm32f1xx_hal_rcc.o
 .rodata.aPredivFactorTable.0
                0x08004fd0        0x2 ./Drivers/STM32F1xx_HAL_Driver/Src/stm32f1xx_hal_rcc.o
                0x08004fd4                        . = ALIGN (0x4)
 *fill*         0x08004fd2        0x2 

.ARM.extab      0x08004fd4        0x0
                0x08004fd4                        . = ALIGN (0x4)
 *(.ARM.extab* .gnu.linkonce.armextab.*)
                0x08004fd4                        . = ALIGN (0x4)

.ARM            0x08004fd4        0x0
                0x08004fd4                        . = ALIGN (0x4)
                0x08004fd4                        __exidx_start = .
 *(.ARM.exidx*)
                0x08004fd4                        __exidx_end = .
                0x08004fd4                        . = ALIGN (0x4)

.preinit_array  0x08004fd4        0x0
                0x08004fd4                        . = ALIGN (0x4)
                0x08004fd4                        PROVIDE (__preinit_array_start = .)
 *(.preinit_array*)
                0x08004fd4                        PROVIDE (__preinit_array_end = .)
                0x08004fd4                        . = ALIGN (0x4)

.init_array     0x08004fd4        0x4
                0x08004fd4                        . = ALIGN (0x4)
                0x08004fd4                        PROVIDE (__init_array_start = .)
 *(SORT_BY_NAME(.init_array.*))
 *(.init_array*)
 .init_array    0x08004fd4        0x4 E:/ST/STM32CubeIDE_1.19.0/STM32CubeIDE/plugins/com.st.stm32cube.ide.mcu.externaltools.gnu-tools-for-stm32.13.3.rel1.win32_1.0.0.202411081344/tools/bin/../lib/gcc/arm-none-eabi/13.3.1/thumb/v7-m/nofp/crtbegin.o
                0x08004fd8                        PROVIDE (__init_array_end = .)
                0x08004fd8                        . = ALIGN (0x4)

.fini_array     0x08004fd8        0x4
                0x08004fd8                        . = ALIGN (0x4)
                [!provide]                        PROVIDE (__fini_array_start = .)
 *(SORT_BY_NAME(.fini_array.*))
 *(.fini_array*)
 .fini_array    0x08004fd8        0x4 E:/ST/STM32CubeIDE_1.19.0/STM32CubeIDE/plugins/com.st.stm32cube.ide.mcu.externaltools.gnu-tools-for-stm32.13.3.rel1.win32_1.0.0.202411081344/tools/bin/../lib/gcc/arm-none-eabi/13.3.1/thumb/v7-m/nofp/crtbegin.o
                [!provide]                        PROVIDE (__fini_array_end = .)
                0x08004fdc                        . = ALIGN (0x4)
                0x08004fdc                        _sidata = LOADADDR (.data)

.rel.dyn        0x08004fdc        0x0
 .rel.iplt      0x08004fdc        0x0 E:/ST/STM32CubeIDE_1.19.0/STM32CubeIDE/plugins/com.st.stm32cube.ide.mcu.externaltools.gnu-tools-for-stm32.13.3.rel1.win32_1.0.0.202411081344/tools/bin/../lib/gcc/arm-none-eabi/13.3.1/thumb/v7-m/nofp/crtbegin.o

.data           0x20000000       0x10 load address 0x08004fdc
                0x20000000                        . = ALIGN (0x4)
                0x20000000                        _sdata = .
 *(.data)
 *(.data*)
 .data.SystemCoreClock
                0x20000000        0x4 ./Core/Src/system_stm32f1xx.o
                0x20000000                SystemCoreClock
 .data.uwTickPrio
                0x20000004        0x4 ./Drivers/STM32F1xx_HAL_Driver/Src/stm32f1xx_hal.o
                0x20000004                uwTickPrio
 .data.uwTickFreq
                0x20000008        0x1 ./Drivers/STM32F1xx_HAL_Driver/Src/stm32f1xx_hal.o
                0x20000008                uwTickFreq
 *fill*         0x20000009        0x3 
 .data.uxCriticalNesting
                0x2000000c        0x4 ./Middlewares/Third_Party/FreeRTOS/Source/portable/GCC/ARM_CM3/port.o
 *(.RamFunc)
 *(.RamFunc*)
                0x20000010                        . = ALIGN (0x4)
                0x20000010                        _edata = .

.igot.plt       0x20000010        0x0 load address 0x08004fec
 .igot.plt      0x20000010        0x0 E:/ST/STM32CubeIDE_1.19.0/STM32CubeIDE/plugins/com.st.stm32cube.ide.mcu.externaltools.gnu-tools-for-stm32.13.3.rel1.win32_1.0.0.202411081344/tools/bin/../lib/gcc/arm-none-eabi/13.3.1/thumb/v7-m/nofp/crtbegin.o
                0x20000010                        . = ALIGN (0x4)

.bss            0x20000010     0x1068 load address 0x08004fec
                0x20000010                        _sbss = .
                0x20000010                        __bss_start__ = _sbss
 *(.bss)
 .bss           0x20000010       0x1c E:/ST/STM32CubeIDE_1.19.0/STM32CubeIDE/plugins/com.st.stm32cube.ide.mcu.externaltools.gnu-tools-for-stm32.13.3.rel1.win32_1.0.0.202411081344/tools/bin/../lib/gcc/arm-none-eabi/13.3.1/thumb/v7-m/nofp/crtbegin.o
 *(.bss*)
 .bss.defaultTaskHandle
                0x2000002c        0x4 ./Core/Src/freertos.o
                0x2000002c                defaultTaskHandle
 .bss.xIdleTaskTCBBuffer
                0x20000030       0x54 ./Core/Src/freertos.o
 .bss.xIdleStack
                0x20000084      0x200 ./Core/Src/freertos.o
 .bss.hi2c1     0x20000284       0x54 ./Core/Src/i2c.o
                0x20000284                hi2c1
 .bss.huart1    0x200002d8       0x48 ./Core/Src/usart.o
                0x200002d8                huart1
 .bss.uwTick    0x20000320        0x4 ./Drivers/STM32F1xx_HAL_Driver/Src/stm32f1xx_hal.o
                0x20000320                uwTick
 .bss.pxCurrentTCB
                0x20000324        0x4 ./Middlewares/Third_Party/FreeRTOS/Source/tasks.o
                0x20000324                pxCurrentTCB
 .bss.pxReadyTasksLists
                0x20000328       0x8c ./Middlewares/Third_Party/FreeRTOS/Source/tasks.o
 .bss.xDelayedTaskList1
                0x200003b4       0x14 ./Middlewares/Third_Party/FreeRTOS/Source/tasks.o
 .bss.xDelayedTaskList2
                0x200003c8       0x14 ./Middlewares/Third_Party/FreeRTOS/Source/tasks.o
 .bss.pxDelayedTaskList
                0x200003dc        0x4 ./Middlewares/Third_Party/FreeRTOS/Source/tasks.o
 .bss.pxOverflowDelayedTaskList
                0x200003e0        0x4 ./Middlewares/Third_Party/FreeRTOS/Source/tasks.o
 .bss.xPendingReadyList
                0x200003e4       0x14 ./Middlewares/Third_Party/FreeRTOS/Source/tasks.o
 .bss.xTasksWaitingTermination
                0x200003f8       0x14 ./Middlewares/Third_Party/FreeRTOS/Source/tasks.o
 .bss.uxDeletedTasksWaitingCleanUp
                0x2000040c        0x4 ./Middlewares/Third_Party/FreeRTOS/Source/tasks.o
 .bss.xSuspendedTaskList
                0x20000410       0x14 ./Middlewares/Third_Party/FreeRTOS/Source/tasks.o
 .bss.uxCurrentNumberOfTasks
                0x20000424        0x4 ./Middlewares/Third_Party/FreeRTOS/Source/tasks.o
 .bss.xTickCount
                0x20000428        0x4 ./Middlewares/Third_Party/FreeRTOS/Source/tasks.o
 .bss.uxTopReadyPriority
                0x2000042c        0x4 ./Middlewares/Third_Party/FreeRTOS/Source/tasks.o
 .bss.xSchedulerRunning
                0x20000430        0x4 ./Middlewares/Third_Party/FreeRTOS/Source/tasks.o
 .bss.xPendedTicks
                0x20000434        0x4 ./Middlewares/Third_Party/FreeRTOS/Source/tasks.o
 .bss.xYieldPending
                0x20000438        0x4 ./Middlewares/Third_Party/FreeRTOS/Source/tasks.o
 .bss.xNumOfOverflows
                0x2000043c        0x4 ./Middlewares/Third_Party/FreeRTOS/Source/tasks.o
 .bss.uxTaskNumber
                0x20000440        0x4 ./Middlewares/Third_Party/FreeRTOS/Source/tasks.o
 .bss.xNextTaskUnblockTime
                0x20000444        0x4 ./Middlewares/Third_Party/FreeRTOS/Source/tasks.o
 .bss.xIdleTaskHandle
                0x20000448        0x4 ./Middlewares/Third_Party/FreeRTOS/Source/tasks.o
 .bss.uxSchedulerSuspended
                0x2000044c        0x4 ./Middlewares/Third_Party/FreeRTOS/Source/tasks.o
 .bss.ucMaxSysCallPriority
                0x20000450        0x1 ./Middlewares/Third_Party/FreeRTOS/Source/portable/GCC/ARM_CM3/port.o
 *fill*         0x20000451        0x3 
 .bss.ulMaxPRIGROUPValue
                0x20000454        0x4 ./Middlewares/Third_Party/FreeRTOS/Source/portable/GCC/ARM_CM3/port.o
 .bss.ucHeap    0x20000458      0xc00 ./Middlewares/Third_Party/FreeRTOS/Source/portable/MemMang/heap_4.o
 .bss.xStart    0x20001058        0x8 ./Middlewares/Third_Party/FreeRTOS/Source/portable/MemMang/heap_4.o
 .bss.pxEnd     0x20001060        0x4 ./Middlewares/Third_Party/FreeRTOS/Source/portable/MemMang/heap_4.o
 .bss.xFreeBytesRemaining
                0x20001064        0x4 ./Middlewares/Third_Party/FreeRTOS/Source/portable/MemMang/heap_4.o
 .bss.xMinimumEverFreeBytesRemaining
                0x20001068        0x4 ./Middlewares/Third_Party/FreeRTOS/Source/portable/MemMang/heap_4.o
 .bss.xNumberOfSuccessfulAllocations
                0x2000106c        0x4 ./Middlewares/Third_Party/FreeRTOS/Source/portable/MemMang/heap_4.o
 .bss.xNumberOfSuccessfulFrees
                0x20001070        0x4 ./Middlewares/Third_Party/FreeRTOS/Source/portable/MemMang/heap_4.o
 .bss.xBlockAllocatedBit
                0x20001074        0x4 ./Middlewares/Third_Party/FreeRTOS/Source/portable/MemMang/heap_4.o
 *(COMMON)
                0x20001078                        . = ALIGN (0x4)
                0x20001078                        _ebss = .
                0x20001078                        __bss_end__ = _ebss

._user_heap_stack
                0x20001078      0x600 load address 0x08004fec
                0x20001078                        . = ALIGN (0x8)
                [!provide]                        PROVIDE (end = .)
                0x20001078                        PROVIDE (_end = .)
                0x20001278                        . = (. + _Min_Heap_Size)
 *fill*         0x20001078      0x200 
                0x20001678                        . = (. + _Min_Stack_Size)
 *fill*         0x20001278      0x400 
                0x20001678                        . = ALIGN (0x8)

/DISCARD/
 libc.a(*)
 libm.a(*)
 libgcc.a(*)

.ARM.attributes
                0x00000000       0x29
 *(.ARM.attributes)
 .ARM.attributes
                0x00000000       0x1d E:/ST/STM32CubeIDE_1.19.0/STM32CubeIDE/plugins/com.st.stm32cube.ide.mcu.externaltools.gnu-tools-for-stm32.13.3.rel1.win32_1.0.0.202411081344/tools/bin/../lib/gcc/arm-none-eabi/13.3.1/thumb/v7-m/nofp/crti.o
 .ARM.attributes
                0x0000001d       0x2d E:/ST/STM32CubeIDE_1.19.0/STM32CubeIDE/plugins/com.st.stm32cube.ide.mcu.externaltools.gnu-tools-for-stm32.13.3.rel1.win32_1.0.0.202411081344/tools/bin/../lib/gcc/arm-none-eabi/13.3.1/thumb/v7-m/nofp/crtbegin.o
 .ARM.attributes
                0x0000004a       0x2d ./Core/Src/freertos.o
 .ARM.attributes
                0x00000077       0x2d ./Core/Src/gpio.o
 .ARM.attributes
                0x000000a4       0x2d ./Core/Src/i2c.o
 .ARM.attributes
                0x000000d1       0x2d ./Core/Src/main.o
 .ARM.attributes
                0x000000fe       0x2d ./Core/Src/stm32f1xx_hal_msp.o
 .ARM.attributes
                0x0000012b       0x2d ./Core/Src/stm32f1xx_it.o
 .ARM.attributes
                0x00000158       0x2d ./Core/Src/system_stm32f1xx.o
 .ARM.attributes
                0x00000185       0x2d ./Core/Src/usart.o
 .ARM.attributes
                0x000001b2       0x21 ./Core/Startup/startup_stm32f103c8tx.o
 .ARM.attributes
                0x000001d3       0x2d ./Drivers/STM32F1xx_HAL_Driver/Src/stm32f1xx_hal.o
 .ARM.attributes
                0x00000200       0x2d ./Drivers/STM32F1xx_HAL_Driver/Src/stm32f1xx_hal_cortex.o
 .ARM.attributes
                0x0000022d       0x2d ./Drivers/STM32F1xx_HAL_Driver/Src/stm32f1xx_hal_dma.o
 .ARM.attributes
                0x0000025a       0x2d ./Drivers/STM32F1xx_HAL_Driver/Src/stm32f1xx_hal_gpio.o
 .ARM.attributes
                0x00000287       0x2d ./Drivers/STM32F1xx_HAL_Driver/Src/stm32f1xx_hal_i2c.o
 .ARM.attributes
                0x000002b4       0x2d ./Drivers/STM32F1xx_HAL_Driver/Src/stm32f1xx_hal_rcc.o
 .ARM.attributes
                0x000002e1       0x2d ./Drivers/STM32F1xx_HAL_Driver/Src/stm32f1xx_hal_uart.o
 .ARM.attributes
                0x0000030e       0x2d ./Middlewares/Third_Party/FreeRTOS/Source/CMSIS_RTOS/cmsis_os.o
 .ARM.attributes
                0x0000033b       0x2d ./Middlewares/Third_Party/FreeRTOS/Source/list.o
 .ARM.attributes
                0x00000368       0x2d ./Middlewares/Third_Party/FreeRTOS/Source/tasks.o
 .ARM.attributes
                0x00000395       0x2d ./Middlewares/Third_Party/FreeRTOS/Source/portable/GCC/ARM_CM3/port.o
 .ARM.attributes
                0x000003c2       0x2d ./Middlewares/Third_Party/FreeRTOS/Source/portable/MemMang/heap_4.o
 .ARM.attributes
                0x000003ef       0x2d E:/ST/STM32CubeIDE_1.19.0/STM32CubeIDE/plugins/com.st.stm32cube.ide.mcu.externaltools.gnu-tools-for-stm32.13.3.rel1.win32_1.0.0.202411081344/tools/bin/../lib/gcc/arm-none-eabi/13.3.1/../../../../arm-none-eabi/lib/thumb/v7-m/nofp\libc_nano.a(libc_a-memset.o)
 .ARM.attributes
                0x0000041c       0x2d E:/ST/STM32CubeIDE_1.19.0/STM32CubeIDE/plugins/com.st.stm32cube.ide.mcu.externaltools.gnu-tools-for-stm32.13.3.rel1.win32_1.0.0.202411081344/tools/bin/../lib/gcc/arm-none-eabi/13.3.1/../../../../arm-none-eabi/lib/thumb/v7-m/nofp\libc_nano.a(libc_a-init.o)
 .ARM.attributes
                0x00000449       0x1d E:/ST/STM32CubeIDE_1.19.0/STM32CubeIDE/plugins/com.st.stm32cube.ide.mcu.externaltools.gnu-tools-for-stm32.13.3.rel1.win32_1.0.0.202411081344/tools/bin/../lib/gcc/arm-none-eabi/13.3.1/thumb/v7-m/nofp/crtn.o
OUTPUT(dock_and_location.elf elf32-littlearm)
LOAD linker stubs
LOAD E:/ST/STM32CubeIDE_1.19.0/STM32CubeIDE/plugins/com.st.stm32cube.ide.mcu.externaltools.gnu-tools-for-stm32.13.3.rel1.win32_1.0.0.202411081344/tools/bin/../lib/gcc/arm-none-eabi/13.3.1/../../../../arm-none-eabi/lib/thumb/v7-m/nofp\libc.a
LOAD E:/ST/STM32CubeIDE_1.19.0/STM32CubeIDE/plugins/com.st.stm32cube.ide.mcu.externaltools.gnu-tools-for-stm32.13.3.rel1.win32_1.0.0.202411081344/tools/bin/../lib/gcc/arm-none-eabi/13.3.1/../../../../arm-none-eabi/lib/thumb/v7-m/nofp\libm.a
LOAD E:/ST/STM32CubeIDE_1.19.0/STM32CubeIDE/plugins/com.st.stm32cube.ide.mcu.externaltools.gnu-tools-for-stm32.13.3.rel1.win32_1.0.0.202411081344/tools/bin/../lib/gcc/arm-none-eabi/13.3.1/thumb/v7-m/nofp\libgcc.a

.debug_info     0x00000000     0xe9bd
 .debug_info    0x00000000      0x4b6 ./Core/Src/freertos.o
 .debug_info    0x000004b6      0x2d3 ./Core/Src/gpio.o
 .debug_info    0x00000789      0x976 ./Core/Src/i2c.o
 .debug_info    0x000010ff      0x328 ./Core/Src/main.o
 .debug_info    0x00001427      0x361 ./Core/Src/stm32f1xx_hal_msp.o
 .debug_info    0x00001788      0x8ac ./Core/Src/stm32f1xx_it.o
 .debug_info    0x00002034      0x222 ./Core/Src/system_stm32f1xx.o
 .debug_info    0x00002256      0x92a ./Core/Src/usart.o
 .debug_info    0x00002b80       0x30 ./Core/Startup/startup_stm32f103c8tx.o
 .debug_info    0x00002bb0      0x704 ./Drivers/STM32F1xx_HAL_Driver/Src/stm32f1xx_hal.o
 .debug_info    0x000032b4      0xa87 ./Drivers/STM32F1xx_HAL_Driver/Src/stm32f1xx_hal_cortex.o
 .debug_info    0x00003d3b      0x6d2 ./Drivers/STM32F1xx_HAL_Driver/Src/stm32f1xx_hal_dma.o
 .debug_info    0x0000440d      0x5ab ./Drivers/STM32F1xx_HAL_Driver/Src/stm32f1xx_hal_gpio.o
 .debug_info    0x000049b8     0x2524 ./Drivers/STM32F1xx_HAL_Driver/Src/stm32f1xx_hal_i2c.o
 .debug_info    0x00006edc      0x7d5 ./Drivers/STM32F1xx_HAL_Driver/Src/stm32f1xx_hal_rcc.o
 .debug_info    0x000076b1     0x2eed ./Drivers/STM32F1xx_HAL_Driver/Src/stm32f1xx_hal_uart.o
 .debug_info    0x0000a59e     0x1b60 ./Middlewares/Third_Party/FreeRTOS/Source/CMSIS_RTOS/cmsis_os.o
 .debug_info    0x0000c0fe      0x2af ./Middlewares/Third_Party/FreeRTOS/Source/list.o
 .debug_info    0x0000c3ad     0x1ca7 ./Middlewares/Third_Party/FreeRTOS/Source/tasks.o
 .debug_info    0x0000e054      0x494 ./Middlewares/Third_Party/FreeRTOS/Source/portable/GCC/ARM_CM3/port.o
 .debug_info    0x0000e4e8      0x4d5 ./Middlewares/Third_Party/FreeRTOS/Source/portable/MemMang/heap_4.o

.debug_abbrev   0x00000000     0x29cc
 .debug_abbrev  0x00000000      0x16b ./Core/Src/freertos.o
 .debug_abbrev  0x0000016b      0x13f ./Core/Src/gpio.o
 .debug_abbrev  0x000002aa      0x1fd ./Core/Src/i2c.o
 .debug_abbrev  0x000004a7      0x17c ./Core/Src/main.o
 .debug_abbrev  0x00000623      0x11c ./Core/Src/stm32f1xx_hal_msp.o
 .debug_abbrev  0x0000073f      0x19f ./Core/Src/stm32f1xx_it.o
 .debug_abbrev  0x000008de      0x13f ./Core/Src/system_stm32f1xx.o
 .debug_abbrev  0x00000a1d      0x205 ./Core/Src/usart.o
 .debug_abbrev  0x00000c22       0x24 ./Core/Startup/startup_stm32f103c8tx.o
 .debug_abbrev  0x00000c46      0x201 ./Drivers/STM32F1xx_HAL_Driver/Src/stm32f1xx_hal.o
 .debug_abbrev  0x00000e47      0x2f8 ./Drivers/STM32F1xx_HAL_Driver/Src/stm32f1xx_hal_cortex.o
 .debug_abbrev  0x0000113f      0x20b ./Drivers/STM32F1xx_HAL_Driver/Src/stm32f1xx_hal_dma.o
 .debug_abbrev  0x0000134a      0x1ca ./Drivers/STM32F1xx_HAL_Driver/Src/stm32f1xx_hal_gpio.o
 .debug_abbrev  0x00001514      0x2a3 ./Drivers/STM32F1xx_HAL_Driver/Src/stm32f1xx_hal_i2c.o
 .debug_abbrev  0x000017b7      0x2b3 ./Drivers/STM32F1xx_HAL_Driver/Src/stm32f1xx_hal_rcc.o
 .debug_abbrev  0x00001a6a      0x2f8 ./Drivers/STM32F1xx_HAL_Driver/Src/stm32f1xx_hal_uart.o
 .debug_abbrev  0x00001d62      0x3a7 ./Middlewares/Third_Party/FreeRTOS/Source/CMSIS_RTOS/cmsis_os.o
 .debug_abbrev  0x00002109       0xf5 ./Middlewares/Third_Party/FreeRTOS/Source/list.o
 .debug_abbrev  0x000021fe      0x359 ./Middlewares/Third_Party/FreeRTOS/Source/tasks.o
 .debug_abbrev  0x00002557      0x258 ./Middlewares/Third_Party/FreeRTOS/Source/portable/GCC/ARM_CM3/port.o
 .debug_abbrev  0x000027af      0x21d ./Middlewares/Third_Party/FreeRTOS/Source/portable/MemMang/heap_4.o

.debug_aranges  0x00000000      0xe48
 .debug_aranges
                0x00000000       0x30 ./Core/Src/freertos.o
 .debug_aranges
                0x00000030       0x20 ./Core/Src/gpio.o
 .debug_aranges
                0x00000050       0x30 ./Core/Src/i2c.o
 .debug_aranges
                0x00000080       0x30 ./Core/Src/main.o
 .debug_aranges
                0x000000b0       0x20 ./Core/Src/stm32f1xx_hal_msp.o
 .debug_aranges
                0x000000d0       0x60 ./Core/Src/stm32f1xx_it.o
 .debug_aranges
                0x00000130       0x28 ./Core/Src/system_stm32f1xx.o
 .debug_aranges
                0x00000158       0x30 ./Core/Src/usart.o
 .debug_aranges
                0x00000188       0x28 ./Core/Startup/startup_stm32f103c8tx.o
 .debug_aranges
                0x000001b0       0xe0 ./Drivers/STM32F1xx_HAL_Driver/Src/stm32f1xx_hal.o
 .debug_aranges
                0x00000290      0x100 ./Drivers/STM32F1xx_HAL_Driver/Src/stm32f1xx_hal_cortex.o
 .debug_aranges
                0x00000390       0x80 ./Drivers/STM32F1xx_HAL_Driver/Src/stm32f1xx_hal_dma.o
 .debug_aranges
                0x00000410       0x58 ./Drivers/STM32F1xx_HAL_Driver/Src/stm32f1xx_hal_gpio.o
 .debug_aranges
                0x00000468      0x2a8 ./Drivers/STM32F1xx_HAL_Driver/Src/stm32f1xx_hal_i2c.o
 .debug_aranges
                0x00000710       0x90 ./Drivers/STM32F1xx_HAL_Driver/Src/stm32f1xx_hal_rcc.o
 .debug_aranges
                0x000007a0      0x208 ./Drivers/STM32F1xx_HAL_Driver/Src/stm32f1xx_hal_uart.o
 .debug_aranges
                0x000009a8      0x1d8 ./Middlewares/Third_Party/FreeRTOS/Source/CMSIS_RTOS/cmsis_os.o
 .debug_aranges
                0x00000b80       0x40 ./Middlewares/Third_Party/FreeRTOS/Source/list.o
 .debug_aranges
                0x00000bc0      0x1b8 ./Middlewares/Third_Party/FreeRTOS/Source/tasks.o
 .debug_aranges
                0x00000d78       0x78 ./Middlewares/Third_Party/FreeRTOS/Source/portable/GCC/ARM_CM3/port.o
 .debug_aranges
                0x00000df0       0x58 ./Middlewares/Third_Party/FreeRTOS/Source/portable/MemMang/heap_4.o

.debug_rnglists
                0x00000000      0xb0e
 .debug_rnglists
                0x00000000       0x1f ./Core/Src/freertos.o
 .debug_rnglists
                0x0000001f       0x14 ./Core/Src/gpio.o
 .debug_rnglists
                0x00000033       0x20 ./Core/Src/i2c.o
 .debug_rnglists
                0x00000053       0x20 ./Core/Src/main.o
 .debug_rnglists
                0x00000073       0x13 ./Core/Src/stm32f1xx_hal_msp.o
 .debug_rnglists
                0x00000086       0x43 ./Core/Src/stm32f1xx_it.o
 .debug_rnglists
                0x000000c9       0x1a ./Core/Src/system_stm32f1xx.o
 .debug_rnglists
                0x000000e3       0x20 ./Core/Src/usart.o
 .debug_rnglists
                0x00000103       0x19 ./Core/Startup/startup_stm32f103c8tx.o
 .debug_rnglists
                0x0000011c       0xa3 ./Drivers/STM32F1xx_HAL_Driver/Src/stm32f1xx_hal.o
 .debug_rnglists
                0x000001bf       0xbb ./Drivers/STM32F1xx_HAL_Driver/Src/stm32f1xx_hal_cortex.o
 .debug_rnglists
                0x0000027a       0x64 ./Drivers/STM32F1xx_HAL_Driver/Src/stm32f1xx_hal_dma.o
 .debug_rnglists
                0x000002de       0x3f ./Drivers/STM32F1xx_HAL_Driver/Src/stm32f1xx_hal_gpio.o
 .debug_rnglists
                0x0000031d      0x23c ./Drivers/STM32F1xx_HAL_Driver/Src/stm32f1xx_hal_i2c.o
 .debug_rnglists
                0x00000559       0x6c ./Drivers/STM32F1xx_HAL_Driver/Src/stm32f1xx_hal_rcc.o
 .debug_rnglists
                0x000005c5      0x1bc ./Drivers/STM32F1xx_HAL_Driver/Src/stm32f1xx_hal_uart.o
 .debug_rnglists
                0x00000781      0x16a ./Middlewares/Third_Party/FreeRTOS/Source/CMSIS_RTOS/cmsis_os.o
 .debug_rnglists
                0x000008eb       0x2b ./Middlewares/Third_Party/FreeRTOS/Source/list.o
 .debug_rnglists
                0x00000916      0x15f ./Middlewares/Third_Party/FreeRTOS/Source/tasks.o
 .debug_rnglists
                0x00000a75       0x57 ./Middlewares/Third_Party/FreeRTOS/Source/portable/GCC/ARM_CM3/port.o
 .debug_rnglists
                0x00000acc       0x42 ./Middlewares/Third_Party/FreeRTOS/Source/portable/MemMang/heap_4.o

.debug_macro    0x00000000    0x1833a
 .debug_macro   0x00000000      0x25a ./Core/Src/freertos.o
 .debug_macro   0x0000025a      0xacc ./Core/Src/freertos.o
 .debug_macro   0x00000d26      0x190 ./Core/Src/freertos.o
 .debug_macro   0x00000eb6       0x22 ./Core/Src/freertos.o
 .debug_macro   0x00000ed8       0x8e ./Core/Src/freertos.o
 .debug_macro   0x00000f66       0x51 ./Core/Src/freertos.o
 .debug_macro   0x00000fb7      0x103 ./Core/Src/freertos.o
 .debug_macro   0x000010ba       0x6a ./Core/Src/freertos.o
 .debug_macro   0x00001124      0x1df ./Core/Src/freertos.o
 .debug_macro   0x00001303       0xe4 ./Core/Src/freertos.o
 .debug_macro   0x000013e7      0x15a ./Core/Src/freertos.o
 .debug_macro   0x00001541       0xde ./Core/Src/freertos.o
 .debug_macro   0x0000161f       0x1c ./Core/Src/freertos.o
 .debug_macro   0x0000163b       0x26 ./Core/Src/freertos.o
 .debug_macro   0x00001661      0x504 ./Core/Src/freertos.o
 .debug_macro   0x00001b65       0xb5 ./Core/Src/freertos.o
 .debug_macro   0x00001c1a       0xaa ./Core/Src/freertos.o
 .debug_macro   0x00001cc4      0x21b ./Core/Src/freertos.o
 .debug_macro   0x00001edf       0x2e ./Core/Src/freertos.o
 .debug_macro   0x00001f0d       0x22 ./Core/Src/freertos.o
 .debug_macro   0x00001f2f       0x1c ./Core/Src/freertos.o
 .debug_macro   0x00001f4b       0x22 ./Core/Src/freertos.o
 .debug_macro   0x00001f6d       0xbd ./Core/Src/freertos.o
 .debug_macro   0x0000202a      0xd23 ./Core/Src/freertos.o
 .debug_macro   0x00002d4d     0xe09e ./Core/Src/freertos.o
 .debug_macro   0x00010deb       0x6d ./Core/Src/freertos.o
 .debug_macro   0x00010e58     0x34a2 ./Core/Src/freertos.o
 .debug_macro   0x000142fa       0x5c ./Core/Src/freertos.o
 .debug_macro   0x00014356      0x5bc ./Core/Src/freertos.o
 .debug_macro   0x00014912      0x289 ./Core/Src/freertos.o
 .debug_macro   0x00014b9b      0x1cb ./Core/Src/freertos.o
 .debug_macro   0x00014d66      0x114 ./Core/Src/freertos.o
 .debug_macro   0x00014e7a      0x1b2 ./Core/Src/freertos.o
 .debug_macro   0x0001502c       0x27 ./Core/Src/freertos.o
 .debug_macro   0x00015053      0x136 ./Core/Src/freertos.o
 .debug_macro   0x00015189      0x1bc ./Core/Src/freertos.o
 .debug_macro   0x00015345       0x34 ./Core/Src/freertos.o
 .debug_macro   0x00015379       0x3c ./Core/Src/freertos.o
 .debug_macro   0x000153b5       0x57 ./Core/Src/freertos.o
 .debug_macro   0x0001540c       0x87 ./Core/Src/freertos.o
 .debug_macro   0x00015493      0x240 ./Core/Src/freertos.o
 .debug_macro   0x000156d3      0x287 ./Core/Src/freertos.o
 .debug_macro   0x0001595a      0x140 ./Core/Src/freertos.o
 .debug_macro   0x00015a9a      0x28e ./Core/Src/freertos.o
 .debug_macro   0x00015d28       0x83 ./Core/Src/freertos.o
 .debug_macro   0x00015dab       0x10 ./Core/Src/freertos.o
 .debug_macro   0x00015dbb       0x91 ./Core/Src/freertos.o
 .debug_macro   0x00015e4c       0x8d ./Core/Src/freertos.o
 .debug_macro   0x00015ed9       0x7e ./Core/Src/freertos.o
 .debug_macro   0x00015f57       0x19 ./Core/Src/freertos.o
 .debug_macro   0x00015f70       0xf2 ./Core/Src/freertos.o
 .debug_macro   0x00016062      0x1b1 ./Core/Src/gpio.o
 .debug_macro   0x00016213      0x1b1 ./Core/Src/i2c.o
 .debug_macro   0x000163c4      0x27c ./Core/Src/main.o
 .debug_macro   0x00016640      0x1a7 ./Core/Src/stm32f1xx_hal_msp.o
 .debug_macro   0x000167e7      0x219 ./Core/Src/stm32f1xx_it.o
 .debug_macro   0x00016a00      0x198 ./Core/Src/system_stm32f1xx.o
 .debug_macro   0x00016b98      0x1b1 ./Core/Src/usart.o
 .debug_macro   0x00016d49      0x1bc ./Drivers/STM32F1xx_HAL_Driver/Src/stm32f1xx_hal.o
 .debug_macro   0x00016f05      0x198 ./Drivers/STM32F1xx_HAL_Driver/Src/stm32f1xx_hal_cortex.o
 .debug_macro   0x0001709d      0x198 ./Drivers/STM32F1xx_HAL_Driver/Src/stm32f1xx_hal_dma.o
 .debug_macro   0x00017235      0x203 ./Drivers/STM32F1xx_HAL_Driver/Src/stm32f1xx_hal_gpio.o
 .debug_macro   0x00017438      0x1e6 ./Drivers/STM32F1xx_HAL_Driver/Src/stm32f1xx_hal_i2c.o
 .debug_macro   0x0001761e      0x1aa ./Drivers/STM32F1xx_HAL_Driver/Src/stm32f1xx_hal_rcc.o
 .debug_macro   0x000177c8      0x199 ./Drivers/STM32F1xx_HAL_Driver/Src/stm32f1xx_hal_uart.o
 .debug_macro   0x00017961      0x1fe ./Middlewares/Third_Party/FreeRTOS/Source/CMSIS_RTOS/cmsis_os.o
 .debug_macro   0x00017b5f       0xab ./Middlewares/Third_Party/FreeRTOS/Source/CMSIS_RTOS/cmsis_os.o
 .debug_macro   0x00017c0a      0x187 ./Middlewares/Third_Party/FreeRTOS/Source/list.o
 .debug_macro   0x00017d91      0x279 ./Middlewares/Third_Party/FreeRTOS/Source/tasks.o
 .debug_macro   0x0001800a       0x10 ./Middlewares/Third_Party/FreeRTOS/Source/tasks.o
 .debug_macro   0x0001801a      0x172 ./Middlewares/Third_Party/FreeRTOS/Source/portable/GCC/ARM_CM3/port.o
 .debug_macro   0x0001818c      0x1ae ./Middlewares/Third_Party/FreeRTOS/Source/portable/MemMang/heap_4.o

.debug_line     0x00000000    0x11e32
 .debug_line    0x00000000      0x897 ./Core/Src/freertos.o
 .debug_line    0x00000897      0x6f2 ./Core/Src/gpio.o
 .debug_line    0x00000f89      0x74f ./Core/Src/i2c.o
 .debug_line    0x000016d8      0x8ee ./Core/Src/main.o
 .debug_line    0x00001fc6      0x6e4 ./Core/Src/stm32f1xx_hal_msp.o
 .debug_line    0x000026aa      0x8aa ./Core/Src/stm32f1xx_it.o
 .debug_line    0x00002f54      0x761 ./Core/Src/system_stm32f1xx.o
 .debug_line    0x000036b5      0x759 ./Core/Src/usart.o
 .debug_line    0x00003e0e       0x78 ./Core/Startup/startup_stm32f103c8tx.o
 .debug_line    0x00003e86      0x992 ./Drivers/STM32F1xx_HAL_Driver/Src/stm32f1xx_hal.o
 .debug_line    0x00004818      0xb5c ./Drivers/STM32F1xx_HAL_Driver/Src/stm32f1xx_hal_cortex.o
 .debug_line    0x00005374      0xd9c ./Drivers/STM32F1xx_HAL_Driver/Src/stm32f1xx_hal_dma.o
 .debug_line    0x00006110      0x9ef ./Drivers/STM32F1xx_HAL_Driver/Src/stm32f1xx_hal_gpio.o
 .debug_line    0x00006aff     0x3b8f ./Drivers/STM32F1xx_HAL_Driver/Src/stm32f1xx_hal_i2c.o
 .debug_line    0x0000a68e      0xe4b ./Drivers/STM32F1xx_HAL_Driver/Src/stm32f1xx_hal_rcc.o
 .debug_line    0x0000b4d9     0x24ae ./Drivers/STM32F1xx_HAL_Driver/Src/stm32f1xx_hal_uart.o
 .debug_line    0x0000d987     0x12ff ./Middlewares/Third_Party/FreeRTOS/Source/CMSIS_RTOS/cmsis_os.o
 .debug_line    0x0000ec86      0x78b ./Middlewares/Third_Party/FreeRTOS/Source/list.o
 .debug_line    0x0000f411     0x18c6 ./Middlewares/Third_Party/FreeRTOS/Source/tasks.o
 .debug_line    0x00010cd7      0x7ba ./Middlewares/Third_Party/FreeRTOS/Source/portable/GCC/ARM_CM3/port.o
 .debug_line    0x00011491      0x9a1 ./Middlewares/Third_Party/FreeRTOS/Source/portable/MemMang/heap_4.o

.debug_str      0x00000000    0x8c8b7
 .debug_str     0x00000000    0x8c8b7 ./Core/Src/freertos.o
                              0x845e9 (size before relaxing)
 .debug_str     0x0008c8b7    0x7e3a9 ./Core/Src/gpio.o
 .debug_str     0x0008c8b7    0x7eb7e ./Core/Src/i2c.o
 .debug_str     0x0008c8b7    0x844fe ./Core/Src/main.o
 .debug_str     0x0008c8b7    0x7e625 ./Core/Src/stm32f1xx_hal_msp.o
 .debug_str     0x0008c8b7    0x827ed ./Core/Src/stm32f1xx_it.o
 .debug_str     0x0008c8b7    0x7e334 ./Core/Src/system_stm32f1xx.o
 .debug_str     0x0008c8b7    0x7eb0c ./Core/Src/usart.o
 .debug_str     0x0008c8b7       0x72 ./Core/Startup/startup_stm32f103c8tx.o
 .debug_str     0x0008c8b7    0x7ea67 ./Drivers/STM32F1xx_HAL_Driver/Src/stm32f1xx_hal.o
 .debug_str     0x0008c8b7    0x7e9b3 ./Drivers/STM32F1xx_HAL_Driver/Src/stm32f1xx_hal_cortex.o
 .debug_str     0x0008c8b7    0x7e6dd ./Drivers/STM32F1xx_HAL_Driver/Src/stm32f1xx_hal_dma.o
 .debug_str     0x0008c8b7    0x7e6ba ./Drivers/STM32F1xx_HAL_Driver/Src/stm32f1xx_hal_gpio.o
 .debug_str     0x0008c8b7    0x7f3fb ./Drivers/STM32F1xx_HAL_Driver/Src/stm32f1xx_hal_i2c.o
 .debug_str     0x0008c8b7    0x7e763 ./Drivers/STM32F1xx_HAL_Driver/Src/stm32f1xx_hal_rcc.o
 .debug_str     0x0008c8b7    0x7edd4 ./Drivers/STM32F1xx_HAL_Driver/Src/stm32f1xx_hal_uart.o
 .debug_str     0x0008c8b7     0xe6a3 ./Middlewares/Third_Party/FreeRTOS/Source/CMSIS_RTOS/cmsis_os.o
 .debug_str     0x0008c8b7     0xab9f ./Middlewares/Third_Party/FreeRTOS/Source/list.o
 .debug_str     0x0008c8b7     0xcf0a ./Middlewares/Third_Party/FreeRTOS/Source/tasks.o
 .debug_str     0x0008c8b7     0x8645 ./Middlewares/Third_Party/FreeRTOS/Source/portable/GCC/ARM_CM3/port.o
 .debug_str     0x0008c8b7     0xb4e1 ./Middlewares/Third_Party/FreeRTOS/Source/portable/MemMang/heap_4.o

.comment        0x00000000       0x43
 .comment       0x00000000       0x43 ./Core/Src/freertos.o
                                 0x44 (size before relaxing)
 .comment       0x00000043       0x44 ./Core/Src/gpio.o
 .comment       0x00000043       0x44 ./Core/Src/i2c.o
 .comment       0x00000043       0x44 ./Core/Src/main.o
 .comment       0x00000043       0x44 ./Core/Src/stm32f1xx_hal_msp.o
 .comment       0x00000043       0x44 ./Core/Src/stm32f1xx_it.o
 .comment       0x00000043       0x44 ./Core/Src/system_stm32f1xx.o
 .comment       0x00000043       0x44 ./Core/Src/usart.o
 .comment       0x00000043       0x44 ./Drivers/STM32F1xx_HAL_Driver/Src/stm32f1xx_hal.o
 .comment       0x00000043       0x44 ./Drivers/STM32F1xx_HAL_Driver/Src/stm32f1xx_hal_cortex.o
 .comment       0x00000043       0x44 ./Drivers/STM32F1xx_HAL_Driver/Src/stm32f1xx_hal_dma.o
 .comment       0x00000043       0x44 ./Drivers/STM32F1xx_HAL_Driver/Src/stm32f1xx_hal_gpio.o
 .comment       0x00000043       0x44 ./Drivers/STM32F1xx_HAL_Driver/Src/stm32f1xx_hal_i2c.o
 .comment       0x00000043       0x44 ./Drivers/STM32F1xx_HAL_Driver/Src/stm32f1xx_hal_rcc.o
 .comment       0x00000043       0x44 ./Drivers/STM32F1xx_HAL_Driver/Src/stm32f1xx_hal_uart.o
 .comment       0x00000043       0x44 ./Middlewares/Third_Party/FreeRTOS/Source/CMSIS_RTOS/cmsis_os.o
 .comment       0x00000043       0x44 ./Middlewares/Third_Party/FreeRTOS/Source/list.o
 .comment       0x00000043       0x44 ./Middlewares/Third_Party/FreeRTOS/Source/tasks.o
 .comment       0x00000043       0x44 ./Middlewares/Third_Party/FreeRTOS/Source/portable/GCC/ARM_CM3/port.o
 .comment       0x00000043       0x44 ./Middlewares/Third_Party/FreeRTOS/Source/portable/MemMang/heap_4.o

.debug_frame    0x00000000     0x398c
 .debug_frame   0x00000000       0x80 ./Core/Src/freertos.o
 .debug_frame   0x00000080       0x34 ./Core/Src/gpio.o
 .debug_frame   0x000000b4       0x74 ./Core/Src/i2c.o
 .debug_frame   0x00000128       0x68 ./Core/Src/main.o
 .debug_frame   0x00000190       0x34 ./Core/Src/stm32f1xx_hal_msp.o
 .debug_frame   0x000001c4       0xfc ./Core/Src/stm32f1xx_it.o
 .debug_frame   0x000002c0       0x58 ./Core/Src/system_stm32f1xx.o
 .debug_frame   0x00000318       0x74 ./Core/Src/usart.o
 .debug_frame   0x0000038c      0x334 ./Drivers/STM32F1xx_HAL_Driver/Src/stm32f1xx_hal.o
 .debug_frame   0x000006c0      0x428 ./Drivers/STM32F1xx_HAL_Driver/Src/stm32f1xx_hal_cortex.o
 .debug_frame   0x00000ae8      0x208 ./Drivers/STM32F1xx_HAL_Driver/Src/stm32f1xx_hal_dma.o
 .debug_frame   0x00000cf0      0x14c ./Drivers/STM32F1xx_HAL_Driver/Src/stm32f1xx_hal_gpio.o
 .debug_frame   0x00000e3c      0xc84 ./Drivers/STM32F1xx_HAL_Driver/Src/stm32f1xx_hal_i2c.o
 .debug_frame   0x00001ac0      0x218 ./Drivers/STM32F1xx_HAL_Driver/Src/stm32f1xx_hal_rcc.o
 .debug_frame   0x00001cd8      0x944 ./Drivers/STM32F1xx_HAL_Driver/Src/stm32f1xx_hal_uart.o
 .debug_frame   0x0000261c      0x80c ./Middlewares/Third_Party/FreeRTOS/Source/CMSIS_RTOS/cmsis_os.o
 .debug_frame   0x00002e28       0xd8 ./Middlewares/Third_Party/FreeRTOS/Source/list.o
 .debug_frame   0x00002f00      0x77c ./Middlewares/Third_Party/FreeRTOS/Source/tasks.o
 .debug_frame   0x0000367c      0x198 ./Middlewares/Third_Party/FreeRTOS/Source/portable/GCC/ARM_CM3/port.o
 .debug_frame   0x00003814      0x12c ./Middlewares/Third_Party/FreeRTOS/Source/portable/MemMang/heap_4.o
 .debug_frame   0x00003940       0x20 E:/ST/STM32CubeIDE_1.19.0/STM32CubeIDE/plugins/com.st.stm32cube.ide.mcu.externaltools.gnu-tools-for-stm32.13.3.rel1.win32_1.0.0.202411081344/tools/bin/../lib/gcc/arm-none-eabi/13.3.1/../../../../arm-none-eabi/lib/thumb/v7-m/nofp\libc_nano.a(libc_a-memset.o)
 .debug_frame   0x00003960       0x2c E:/ST/STM32CubeIDE_1.19.0/STM32CubeIDE/plugins/com.st.stm32cube.ide.mcu.externaltools.gnu-tools-for-stm32.13.3.rel1.win32_1.0.0.202411081344/tools/bin/../lib/gcc/arm-none-eabi/13.3.1/../../../../arm-none-eabi/lib/thumb/v7-m/nofp\libc_nano.a(libc_a-init.o)

.debug_line_str
                0x00000000       0x56
 .debug_line_str
                0x00000000       0x56 ./Core/Startup/startup_stm32f103c8tx.o
