../Core/Src/imu_driver.c:52:14:IMU_Init	24	static
../Core/Src/imu_driver.c:96:14:IMU_DeInit	8	static
../Core/Src/imu_driver.c:106:14:IMU_Calibrate	80	static
../Core/Src/imu_driver.c:150:14:IMU_ReadRaw	40	static
../Core/Src/imu_driver.c:178:14:IMU_ProcessData	56	static
../Core/Src/imu_driver.c:213:14:IMU_GetData	16	static
../Core/Src/imu_driver.c:237:14:IMU_ResetVelocity	4	static
../Core/Src/imu_driver.c:249:9:IMU_IsDataReady	16	static
../Core/Src/imu_driver.c:265:21:IMU_GetDirection	16	static
../Core/Src/imu_driver.c:285:7:IMU_GetSpeed	4	static
../Core/Src/imu_driver.c:293:7:IMU_GetHeading	4	static
../Core/Src/imu_driver.c:301:14:IMU_SelfTest	16	static
../Core/Src/imu_driver.c:341:14:IMU_MPU6050_Init	8	static
../Core/Src/imu_driver.c:377:14:IMU_MPU6050_ReadData	64	static
../Core/Src/imu_driver.c:412:14:IMU_BNO055_Init	16	static
../Core/Src/imu_driver.c:465:14:IMU_BNO055_ReadData	56	static
../Core/Src/imu_driver.c:503:14:IMU_BNO055_ReadQuaternion	40	static
../Core/Src/imu_driver.c:531:14:IMU_BNO055_ReadEuler	40	static
../Core/Src/imu_driver.c:559:14:IMU_LSM6DS3_Init	16	static
../Core/Src/imu_driver.c:579:14:IMU_LSM6DS3_ReadData	64	static
../Core/Src/imu_driver.c:620:21:IMU_WriteRegister	40	static
../Core/Src/imu_driver.c:638:21:IMU_ReadRegister	40	static
../Core/Src/imu_driver.c:656:21:IMU_ReadRegisters	48	static
../Core/Src/imu_driver.c:674:21:IMU_DetectSensor	16	static
../Core/Src/imu_driver.c:721:13:IMU_ApplyFilters	32	static
../Core/Src/imu_driver.c:750:13:IMU_UpdateVelocity	32	static
../Core/Src/imu_driver.c:776:13:IMU_UpdateHeading	24	static
../Core/Src/imu_driver.c:795:14:IMU_BNO055_InitDefault	32	static
../Core/Src/imu_driver.c:816:14:IMU_BNO055_GetCalibrationStatus	32	static
