../Core/Src/nfc_driver.c:57:14:NFC_Init	24	static
../Core/Src/nfc_driver.c:115:14:NFC_DeInit	8	static
../Core/Src/nfc_driver.c:126:14:NFC_Reset	8	static
../Core/Src/nfc_driver.c:150:14:NFC_GetFirmwareVersion	40	static
../Core/Src/nfc_driver.c:176:14:NFC_ConfigureMode	40	static
../Core/Src/nfc_driver.c:198:14:NFC_ScanCard	72	static
../Core/Src/nfc_driver.c:259:14:NFC_ReadCardUID	56	static
../Core/Src/nfc_driver.c:278:14:NFC_IsCardPresent	56	static
../Core/Src/nfc_driver.c:313:14:NFC_ReleaseCard	32	static
../Core/Src/nfc_driver.c:334:14:NFC_ReadMifareBlock	64	static
../Core/Src/nfc_driver.c:368:14:NFC_WriteMifareBlock	64	static
../Core/Src/nfc_driver.c:401:14:NFC_SelfTest	16	static
../Core/Src/nfc_driver.c:414:10:NFC_UIDToUint32	24	static
../Core/Src/nfc_driver.c:433:13:NFC_GetCardTypeString	16	static
../Core/Src/nfc_driver.c:454:14:NFC_InitI2CDefault	64	static
../Core/Src/nfc_driver.c:487:14:NFC_SendCommand	96	static
../Core/Src/nfc_driver.c:540:14:NFC_WaitReady	24	static
../Core/Src/nfc_driver.c:580:14:NFC_ReadAck	32	static
../Core/Src/nfc_driver.c:673:14:NFC_SPI_Init	4	static
../Core/Src/nfc_driver.c:678:14:NFC_SPI_WriteCommand	16	static
../Core/Src/nfc_driver.c:684:14:NFC_SPI_ReadResponse	16	static
../Core/Src/nfc_driver.c:696:14:NFC_I2C_Init	4	static
../Core/Src/nfc_driver.c:704:14:NFC_I2C_WriteCommand	32	static
../Core/Src/nfc_driver.c:719:14:NFC_I2C_ReadResponse	32	static
../Core/Src/nfc_driver.c:736:16:NFC_CalculateChecksum	24	static
../Core/Src/nfc_driver.c:748:21:NFC_ReadResponse	96	static
../Core/Src/nfc_driver.c:809:13:NFC_Delay	16	static
